0 verbose cli /usr/bin/node /usr/lib/node_modules/npm/bin/npm-cli.js
1 info using npm@10.9.4
2 info using node@v22.22.0
3 silly config load:file:/usr/lib/node_modules/npm/npmrc
4 silly config load:file:/var/www/.npmrc
5 silly config load:file:/usr/etc/npmrc
6 verbose title npm exec update-browserslist-db@latest
7 verbose argv "exec" "--" "update-browserslist-db@latest"
8 verbose logfile logs-max:10 dir:/var/www/.npm/_logs/2026-01-21T06_44_42_044Z-
9 verbose logfile /var/www/.npm/_logs/2026-01-21T06_44_42_044Z-debug-0.log
10 silly logfile done cleaning log files
11 silly packumentCache heap:1574174720 maxSize:393543680 maxEntrySize:196771840
12 http fetch GET 200 https://registry.npmjs.org/npm 688ms
13 http fetch GET 200 https://registry.npmjs.org/update-browserslist-db 399ms (cache miss)
14 silly packumentCache heap:1574174720 maxSize:393543680 maxEntrySize:196771840
15 silly packumentCache heap:1574174720 maxSize:393543680 maxEntrySize:196771840
16 silly idealTree buildDeps
17 silly fetch manifest update-browserslist-db@1.2.3
18 silly packumentCache full:https://registry.npmjs.org/update-browserslist-db cache-miss
19 http fetch GET 200 https://registry.npmjs.org/update-browserslist-db 173ms (cache miss)
20 silly packumentCache full:https://registry.npmjs.org/update-browserslist-db set size:undefined disposed:false
21 silly fetch manifest browserslist@>= 4.21.0
22 silly packumentCache full:https://registry.npmjs.org/browserslist cache-miss
23 http fetch GET 200 https://registry.npmjs.org/browserslist 510ms (cache miss)
24 silly packumentCache full:https://registry.npmjs.org/browserslist set size:undefined disposed:false
25 silly placeDep ROOT update-browserslist-db@1.2.3 OK for:  want: 1.2.3
26 silly placeDep ROOT browserslist@4.28.1 OK for: update-browserslist-db@1.2.3 want: >= 4.21.0
27 silly fetch manifest escalade@^3.2.0
28 silly packumentCache full:https://registry.npmjs.org/escalade cache-miss
29 http fetch GET 200 https://registry.npmjs.org/escalade 188ms (cache miss)
30 silly packumentCache full:https://registry.npmjs.org/escalade set size:undefined disposed:false
31 silly fetch manifest picocolors@^1.1.1
32 silly packumentCache full:https://registry.npmjs.org/picocolors cache-miss
33 http fetch GET 200 https://registry.npmjs.org/picocolors 198ms (cache miss)
34 silly packumentCache full:https://registry.npmjs.org/picocolors set size:undefined disposed:false
35 silly fetch manifest baseline-browser-mapping@^2.9.0
36 silly packumentCache full:https://registry.npmjs.org/baseline-browser-mapping cache-miss
37 http fetch GET 200 https://registry.npmjs.org/baseline-browser-mapping 280ms (cache miss)
38 silly packumentCache full:https://registry.npmjs.org/baseline-browser-mapping set size:undefined disposed:false
39 silly fetch manifest caniuse-lite@^1.0.30001759
40 silly packumentCache full:https://registry.npmjs.org/caniuse-lite cache-miss
41 http fetch GET 200 https://registry.npmjs.org/caniuse-lite 1278ms (cache miss)
42 silly packumentCache full:https://registry.npmjs.org/caniuse-lite set size:undefined disposed:false
43 silly fetch manifest electron-to-chromium@^1.5.263
44 silly packumentCache full:https://registry.npmjs.org/electron-to-chromium cache-miss
45 http fetch GET 200 https://registry.npmjs.org/electron-to-chromium 975ms (cache miss)
46 silly packumentCache full:https://registry.npmjs.org/electron-to-chromium set size:undefined disposed:false
47 silly fetch manifest node-releases@^2.0.27
48 silly packumentCache full:https://registry.npmjs.org/node-releases cache-miss
49 http fetch GET 200 https://registry.npmjs.org/node-releases 233ms (cache miss)
50 silly packumentCache full:https://registry.npmjs.org/node-releases set size:undefined disposed:false
51 silly placeDep ROOT baseline-browser-mapping@2.9.16 OK for: browserslist@4.28.1 want: ^2.9.0
52 silly placeDep ROOT caniuse-lite@1.0.30001765 OK for: browserslist@4.28.1 want: ^1.0.30001759
53 silly placeDep ROOT electron-to-chromium@1.5.267 OK for: browserslist@4.28.1 want: ^1.5.263
54 silly placeDep ROOT node-releases@2.0.27 OK for: browserslist@4.28.1 want: ^2.0.27
55 silly placeDep ROOT escalade@3.2.0 OK for: update-browserslist-db@1.2.3 want: ^3.2.0
56 silly placeDep ROOT picocolors@1.1.1 OK for: update-browserslist-db@1.2.3 want: ^1.1.1
57 silly reify moves {}
58 silly audit bulk request {
58 silly audit   'update-browserslist-db': [ '1.2.3' ],
58 silly audit   browserslist: [ '4.28.1' ],
58 silly audit   'baseline-browser-mapping': [ '2.9.16' ],
58 silly audit   'caniuse-lite': [ '1.0.30001765' ],
58 silly audit   'electron-to-chromium': [ '1.5.267' ],
58 silly audit   'node-releases': [ '2.0.27' ],
58 silly audit   escalade: [ '3.2.0' ],
58 silly audit   picocolors: [ '1.1.1' ]
58 silly audit }
59 http cache node-releases@https://registry.npmjs.org/node-releases/-/node-releases-2.0.27.tgz 0ms (cache hit)
60 http cache picocolors@https://registry.npmjs.org/picocolors/-/picocolors-1.1.1.tgz 0ms (cache hit)
61 http cache electron-to-chromium@https://registry.npmjs.org/electron-to-chromium/-/electron-to-chromium-1.5.267.tgz 0ms (cache hit)
62 http cache escalade@https://registry.npmjs.org/escalade/-/escalade-3.2.0.tgz 1ms (cache hit)
63 http cache baseline-browser-mapping@https://registry.npmjs.org/baseline-browser-mapping/-/baseline-browser-mapping-2.9.16.tgz 0ms (cache hit)
64 http cache caniuse-lite@https://registry.npmjs.org/caniuse-lite/-/caniuse-lite-1.0.30001765.tgz 0ms (cache hit)
65 silly tarball no local data for node-releases@https://registry.npmjs.org/node-releases/-/node-releases-2.0.27.tgz. Extracting by manifest.
66 silly tarball no local data for picocolors@https://registry.npmjs.org/picocolors/-/picocolors-1.1.1.tgz. Extracting by manifest.
67 http cache update-browserslist-db@https://registry.npmjs.org/update-browserslist-db/-/update-browserslist-db-1.2.3.tgz 0ms (cache hit)
68 http cache browserslist@https://registry.npmjs.org/browserslist/-/browserslist-4.28.1.tgz 0ms (cache hit)
69 silly tarball no local data for electron-to-chromium@https://registry.npmjs.org/electron-to-chromium/-/electron-to-chromium-1.5.267.tgz. Extracting by manifest.
70 silly tarball no local data for escalade@https://registry.npmjs.org/escalade/-/escalade-3.2.0.tgz. Extracting by manifest.
71 silly tarball no local data for baseline-browser-mapping@https://registry.npmjs.org/baseline-browser-mapping/-/baseline-browser-mapping-2.9.16.tgz. Extracting by manifest.
72 silly tarball no local data for caniuse-lite@https://registry.npmjs.org/caniuse-lite/-/caniuse-lite-1.0.30001765.tgz. Extracting by manifest.
73 silly tarball no local data for update-browserslist-db@https://registry.npmjs.org/update-browserslist-db/-/update-browserslist-db-1.2.3.tgz. Extracting by manifest.
74 silly tarball no local data for browserslist@https://registry.npmjs.org/browserslist/-/browserslist-4.28.1.tgz. Extracting by manifest.
75 http fetch POST 200 https://registry.npmjs.org/-/npm/v1/security/advisories/bulk 297ms
76 silly audit report {}
77 http fetch GET 200 https://registry.npmjs.org/node-releases/-/node-releases-2.0.27.tgz 258ms (cache miss)
78 http fetch GET 200 https://registry.npmjs.org/picocolors/-/picocolors-1.1.1.tgz 792ms (cache miss)
79 http fetch GET 200 https://registry.npmjs.org/update-browserslist-db/-/update-browserslist-db-1.2.3.tgz 851ms (cache miss)
80 http fetch GET 200 https://registry.npmjs.org/escalade/-/escalade-3.2.0.tgz 882ms (cache miss)
81 http fetch GET 200 https://registry.npmjs.org/browserslist/-/browserslist-4.28.1.tgz 926ms (cache miss)
82 http fetch GET 200 https://registry.npmjs.org/electron-to-chromium/-/electron-to-chromium-1.5.267.tgz 994ms (cache miss)
83 http fetch GET 200 https://registry.npmjs.org/baseline-browser-mapping/-/baseline-browser-mapping-2.9.16.tgz 1015ms (cache miss)
84 http fetch GET 200 https://registry.npmjs.org/caniuse-lite/-/caniuse-lite-1.0.30001765.tgz 4914ms (cache miss)
85 verbose cwd /var/www
86 verbose os Linux 6.11.11-linuxkit
87 verbose node v22.22.0
88 verbose npm  v10.9.4
89 notice
89 notice New [31mmajor[39m version of npm available! [31m10.9.4[39m -> [34m11.7.0[39m
89 notice Changelog: [34mhttps://github.com/npm/cli/releases/tag/v11.7.0[39m
89 notice To update run: [4mnpm install -g npm@11.7.0[24m
89 notice  { force: true, [Symbol(proc-log.meta)]: true }
90 verbose exit 0
91 info ok
